// Jest Snapshot v1, https://goo.gl/fbAQLP

exports[`ProductCard - unit should match snapshot 1`] = `undefined`;
